// Jest Snapshot v1, https://goo.gl/fbAQLP

exports[`ProjectsListPage should match snapshot 1`] = `
<div class="page">
  <mock-el-dialog append-to-body="" title="Create project" class="dialog">
    <div mock-v-loading="0">
      <form class="el-form el-form--label-top" size="mini">
        <div>
          <div class="el-form-item name is-required">
            <label for="name" class="el-form-item__label">Name</label>
            <div class="el-form-item__content">
              <div class="el-input">
                <!---->
                <input type="text" autocomplete="off" maxlength="50" class="el-input__inner">
                <!---->
                <!---->
                <!---->
              </div>
              <!---->
            </div>
          </div>
          <div class="el-form-item isPublic">
            <!---->
            <div class="el-form-item__content">
              <label role="checkbox" aria-checked="true" class="el-checkbox is-checked"><span aria-checked="mixed" class="el-checkbox__input is-checked"><span class="el-checkbox__inner"></span>
                <input type="checkbox" aria-hidden="true" class="el-checkbox__original" value="">
                </span><span class="el-checkbox__label">Allow other users to see this project<!----></span></label>
              <!---->
            </div>
          </div>
        </div>
      </form>
      <div>
        <h4 style="margin-top: 0px;">
          Would you like to include any of your previously submitted datasets?
        </h4>
        <div>
          <div class="dataset-checkbox-list">
            <div>
              <label role="checkbox" class="el-checkbox is-checked" aria-checked="true"><span aria-checked="mixed" class="el-checkbox__input is-checked"><span class="el-checkbox__inner"></span>
                <input type="checkbox" aria-hidden="true" class="el-checkbox__original" value="">
                </span><span class="el-checkbox__label">
        allDatasets.0.name
        <span class="reset-color">(Submitted Invalid Date at Invalid Date)</span>
                <!---->
                </span>
              </label>
            </div>
            <div>
              <label role="checkbox" class="el-checkbox is-checked" aria-checked="true"><span aria-checked="mixed" class="el-checkbox__input is-checked"><span class="el-checkbox__inner"></span>
                <input type="checkbox" aria-hidden="true" class="el-checkbox__original" value="">
                </span><span class="el-checkbox__label">
        allDatasets.1.name
        <span class="reset-color">(Submitted Invalid Date at Invalid Date)</span>
                <!---->
                </span>
              </label>
            </div>
          </div>
          <div class="select-buttons">
            <a href="#">Select none</a> <span> | </span>
            <a href="#">Select all</a>
          </div>
        </div>
      </div>
      <div class="button-bar">
        <button type="button" class="el-button el-button--default">
          <!---->
          <!----><span>Cancel</span></button>
        <button type="button" class="el-button el-button--primary">
          <!---->
          <!----><span>Create project and include 2 datasets</span></button>
      </div>
    </div>
  </mock-el-dialog>
  <div class="page-content">
    <div class="header-row">
      <div class="filter-panel">
        <!---->
        <div class="tf-outer" data-test-key="simpleFilter" filterkey="simpleFilter">
          <div class="tf-name">
            <svg viewBox="190 256 1412 1410" xmlns="http://www.w3.org/2000/svg" class="filter-icon">
              <path d="M1595 295q17 41-14 70l-493 493v742q0 42-39 59-13 5-25 5-27 0-45-19l-256-256q-19-19-19-45v-486l-493-493q-31-29-14-70 17-39 59-39h1280q42 0 59 39z"></path>
            </svg>
          </div>
          <mock-el-select size="medium" class="tf-value tf-value-input simple-filter">
            <mock-el-option label="All projects"></mock-el-option>
            <mock-el-option value="my-projects" label="My projects"></mock-el-option>
          </mock-el-select>
        </div>
        <div class="tf-outer" data-test-key="simpleQuery" filterkey="simpleQuery" name="Simple query" options="">
          <div class="tf-name">
            <i class="el-icon-search" style="color: white;"></i>
          </div>
          <input type="text" placeholder="enter any keywords" class="tf-value tf-value-input">
          <!---->
        </div>
      </div>
      <div></div>
      <button type="button" class="el-button el-button--default">
        <!---->
        <!----><span>Create project</span></button>
    </div>
    <div class="clearfix"></div>
    <div style="min-height: 100px;" mock-v-loading="false">
      <div class="project-item">
        <a href="/project/proj-one" class="underlay"></a>
        <div class="item-body">
          <div class="info">
            <div class="info-line project-name">
              <a href="/project/proj-one" class=""><span style="margin-left: 5px;">project one</span></a>
              <img src="../../assets/padlock-icon.svg" title="This project is only visible to its members and METASPACE administrators" class="private-icon">
            </div>
            <div style="margin-left: 12px;">
              <div class="info-line">
                <!---->
                1 Member
              </div>
              <div class="info-line"><span>Manager<!---->:</span> <span>
            TestUser1<span><span>, </span></span>
                <a href="/group/allProjects.0.members.0.user.primaryGroup.group.id" class="group-link">
                  allProjects.0.members.0.user.primaryGroup.group.shortName</a>
                <!---->
                </span>
              </div>
              <div class="info-line"><span>
              Created on <b><span style="font-size: 14px;">2018-08-29</span></b>
                </span>
              </div>
              <!---->
            </div>
          </div>
          <div class="actions">
            <!---->
            <div>
              <i class="el-icon-edit"></i>
              <a href="/project/proj-one?tab=settings" class="">Manage project</a>
            </div>
            <div class="delete">
              <i class="el-icon-delete"></i>
              <a href="#">Delete project</a>
            </div>
          </div>
        </div>
      </div>
      <div class="project-item odd">
        <a href="/project/project%202" class="underlay"></a>
        <div class="item-body">
          <div class="info">
            <div class="info-line project-name">
              <a href="/project/project%202" class=""><span style="margin-left: 5px;">project two</span></a>
              <!---->
            </div>
            <div style="margin-left: 12px;">
              <div class="info-line"><span><a href="/datasets?prj=project%202" class=""><span>20 Datasets</span></a>,
                </span>
                20 Members
              </div>
              <div class="info-line"><span>Manager<!---->:</span> <span>
            TestUser1<span><span>, </span></span>
                <a href="/group/allProjects.1.members.0.user.primaryGroup.group.id" class="group-link">
                  allProjects.1.members.0.user.primaryGroup.group.shortName</a>
                <!---->
                </span>
              </div>
              <div class="info-line"><span>
            Last submission <b><span style="font-size: 14px;">2018-08-01</span></b>
                </span>
              </div>
              <!---->
            </div>
          </div>
          <div class="actions">
            <div>
              <i class="el-icon-picture"></i>
              <a href="/annotations?db=&amp;prj=project%202" class="">Browse annotations</a>
            </div>
            <!---->
            <!---->
          </div>
        </div>
      </div>
    </div>
    <div style="text-align: center;">
      <div class="el-pagination">
        <button type="button" disabled="disabled" class="btn-prev">
          <i class="el-icon el-icon-arrow-left"></i>
        </button>
        <ul class="el-pager">
          <li class="number active">1</li>
          <!---->
          <li class="number">2</li>
          <li class="number">3</li>
          <li class="number">4</li>
          <li class="number">5</li>
          <li class="number">6</li>
          <!---->
          <li class="number">7</li>
        </ul>
        <button type="button" class="btn-next">
          <i class="el-icon el-icon-arrow-right"></i>
        </button>
      </div>
    </div>
  </div>
</div>
`;
