// Vitest Snapshot v1, https://vitest.dev/guide/snapshot.html

exports[`ProjectDatasetsDialog > it should match snapshot 1`] = `
"<div class=\\"mock-el-dialog project-datasets-dialog\\" modelvalue=\\"true\\" append-to-body=\\"true\\" title=\\"Manage Test\`s datasets\\" lockscroll=\\"false\\" props=\\"[object Object]\\">
  <div class=\\"mt-6\\">
    <h4 class=\\"m-0\\">Would you like to include/remove previously submitted datasets?</h4>
    <div class=\\"dataset-checkbox-list leading-6\\">
      <div class=\\"mb-2\\"><span class=\\"select-link\\">Select none</span><span> | </span><span class=\\"select-link\\">Select all</span></div><label class=\\"el-checkbox flex h-6 items-center m-0 mx-2\\"><span class=\\"el-checkbox__input\\"><input class=\\"el-checkbox__original\\" type=\\"checkbox\\" value=\\"New 3 (1)\\"><span class=\\"el-checkbox__inner\\"></span></span><span class=\\"el-checkbox__label\\"><span class=\\"truncate\\">New 3 (1)</span><span class=\\"text-gray-700 text-xs tracking-wide pl-1\\"><span class=\\"sm-elapsed-time\\" title=\\"2021/03/31, 14:02\\">a year ago</span></span>
        <!--v-if--></span>
      </label><label class=\\"el-checkbox flex h-6 items-center m-0 mx-2\\"><span class=\\"el-checkbox__input\\"><input class=\\"el-checkbox__original\\" type=\\"checkbox\\" value=\\"Untreated_3_434_super_lite_19_31 (1)\\"><span class=\\"el-checkbox__inner\\"></span></span><span class=\\"el-checkbox__label\\"><span class=\\"truncate\\">Untreated_3_434_super_lite_19_31 (1)</span><span class=\\"text-gray-700 text-xs tracking-wide pl-1\\"><span class=\\"sm-elapsed-time\\" title=\\"2021/03/30, 21:25\\">a year ago</span></span>
        <!--v-if--></span>
      </label>
    </div>
    <!---->
    <div class=\\"button-bar\\"><button ariadisabled=\\"false\\" type=\\"button\\" class=\\"el-button\\">
        <!--v-if--><span class=\\"\\">Cancel</span>
      </button><button ariadisabled=\\"true\\" disabled=\\"\\" type=\\"button\\" class=\\"el-button el-button--primary is-disabled w-32\\">
        <!--v-if--><span class=\\"\\">Update</span>
      </button></div>
  </div>
</div>"
`;
