// Jest Snapshot v1, https://goo.gl/fbAQLP

exports[`FilterPanel should match snapshot (all annotation filters) 1`] = `
<div class="filter-panel">
  <!---->
  <div class="tf-outer" data-test-key="simpleQuery" filterkey="simpleQuery" name="Simple query" options="">
    <div class="tf-name">
      <i class="el-icon-search" style="color: white;"></i>
    </div>
    <input type="text" placeholder="enter any keywords" class="tf-value tf-value-input">
    <!---->
  </div>
  <div class="tf-outer" data-test-key="polarity" filterkey="polarity">
    <div class="tf-name">
      Polarity:
    </div>
    <mock-el-popover trigger="click" placement="bottom" width="300" class="tf-value-container">
      <div slot-key="default">
        <mock-el-select value="Positive">
          <mock-el-option label="Positive" value="Positive"></mock-el-option>
          <mock-el-option label="Negative" value="Negative"></mock-el-option>
        </mock-el-select>
      </div>
      <div slot-key="reference">
        <div class="tf-value"><span class="tf-value-span"><span>Positive</span></span>
        </div>
      </div>
    </mock-el-popover>
    <div class="tf-remove el-icon-circle-close"></div>
  </div>
  <div class="tf-outer" data-test-key="project" options="">
    <div class="tf-name">
      Project:
    </div>
    <mock-el-popover trigger="click" placement="bottom" width="300" class="tf-value-container">
      <div slot-key="default">
        <mock-el-select placeholder="Start typing name" remote="" filterable="" clearable="" remote-method="function () { [native code] }" loading="true" loading-text="Loading matching entries..." no-match-text="No matches" multiple-limit="10" value="4567">
          <mock-el-option value="4567"></mock-el-option>
        </mock-el-select>
      </div>
      <div slot-key="reference">
        <div class="tf-value"><span class="tf-value-span"><span>
      
    </span>
          <!---->
          <!---->
          </span>
        </div>
      </div>
    </mock-el-popover>
    <div class="tf-remove el-icon-circle-close"></div>
  </div>
  <div class="tf-outer" data-test-key="submitter" options="">
    <div class="tf-name">
      Submitter:
    </div>
    <mock-el-popover trigger="click" placement="bottom" width="300" class="tf-value-container">
      <div slot-key="default">
        <mock-el-select placeholder="Start typing name" remote="" filterable="" clearable="" remote-method="function () { [native code] }" loading="true" loading-text="Loading matching entries..." no-match-text="No matches" multiple-limit="10" value="89AB">
          <mock-el-option value="89AB"></mock-el-option>
        </mock-el-select>
      </div>
      <div slot-key="reference">
        <div class="tf-value"><span class="tf-value-span"><span>
      
    </span>
          <!---->
          <!---->
          </span>
        </div>
      </div>
    </mock-el-popover>
    <div class="tf-remove el-icon-circle-close"></div>
  </div>
  <div class="tf-outer" data-test-key="datasetIds" options="">
    <div class="tf-name">
      Dataset:
    </div>
    <mock-el-popover trigger="click" placement="bottom" width="900" class="tf-value-container">
      <div slot-key="default">
        <mock-el-select placeholder="Start typing name" remote="" filterable="" clearable="" remote-method="function () { [native code] }" loading="true" loading-text="Loading matching entries..." no-match-text="No matches" multiple="true" multiple-limit="10"
          value="CDEF,GHIJ">
          <mock-el-option value="CDEF"></mock-el-option>
          <mock-el-option value="GHIJ"></mock-el-option>
        </mock-el-select>
      </div>
      <div slot-key="reference">
        <div class="tf-value"><span class="tf-value-span"><!----> <span>
      (2 items selected)
    </span>
          <!---->
          </span>
        </div>
      </div>
    </mock-el-popover>
    <div class="tf-remove el-icon-circle-close"></div>
  </div>
  <div class="tf-outer" data-test-key="minMSM" filterkey="minMSM" options="">
    <div class="tf-name">
      Min. MSM:
    </div>
    <div class="tf-value"><span class="tf-value-span"><span>
      0.5
    </span></span>
    </div>
    <div class="tf-remove el-icon-circle-close"></div>
  </div>
  <div class="tf-outer" data-test-key="compoundName" filterkey="compoundName" options="">
    <div class="tf-name">
      Molecule:
    </div>
    <div class="tf-value"><span class="tf-value-span"><span>
      C8H20NO6P
    </span></span>
    </div>
    <div class="tf-remove el-icon-circle-close"></div>
  </div>
  <div class="tf-outer" data-test-key="adduct" filterkey="adduct">
    <div class="tf-name">
      Adduct:
    </div>
    <mock-el-popover trigger="click" placement="bottom" width="300" class="tf-value-container">
      <div slot-key="default">
        <mock-el-select filterable="true" value="+K">
          <mock-el-option label="[Madducts.<sub>0</sub>.adduct]⁺" value="adducts.0.adduct"></mock-el-option>
          <mock-el-option label="[Madducts.<sub>1</sub>.adduct]⁺" value="adducts.1.adduct"></mock-el-option>
        </mock-el-select>
      </div>
      <div slot-key="reference">
        <div class="tf-value"><span class="tf-value-span"><span>[M + K]undefined</span></span>
        </div>
      </div>
    </mock-el-popover>
    <div class="tf-remove el-icon-circle-close"></div>
  </div>
  <div class="tf-outer" data-test-key="mz" filterkey="mz" options="">
    <div class="tf-name">
      m/z:
    </div>
    <div class="tf-value"><span class="tf-value-span"><span>
      296.0659
    </span></span>
    </div> <span class="tf-value-suffix">± 0.0001</span>
    <div class="tf-remove el-icon-circle-close"></div>
  </div>
  <div class="tf-outer" data-test-key="fdrLevel" filterkey="fdrLevel">
    <div class="tf-name">
      FDR:
    </div>
    <mock-el-popover trigger="click" placement="bottom" width="300" class="tf-value-container">
      <div slot-key="default">
        <mock-el-select value="0.1">
          <mock-el-option label="5%" value="0.05"></mock-el-option>
          <mock-el-option label="10%" value="0.1"></mock-el-option>
          <mock-el-option label="20%" value="0.2"></mock-el-option>
          <mock-el-option label="50%" value="0.5"></mock-el-option>
        </mock-el-select>
      </div>
      <div slot-key="reference">
        <div class="tf-value"><span class="tf-value-span"><span>10%</span></span>
        </div>
      </div>
    </mock-el-popover>
    <!---->
  </div>
  <div class="tf-outer" data-test-key="group" options="">
    <div class="tf-name">
      Group:
    </div>
    <mock-el-popover trigger="click" placement="bottom" width="300" class="tf-value-container">
      <div slot-key="default">
        <mock-el-select placeholder="Start typing name" remote="" filterable="" clearable="" remote-method="function () { [native code] }" loading="true" loading-text="Loading matching entries..." no-match-text="No matches" multiple-limit="10" value="0123">
          <mock-el-option value="0123"></mock-el-option>
        </mock-el-select>
      </div>
      <div slot-key="reference">
        <div class="tf-value"><span class="tf-value-span"><span>
      
    </span>
          <!---->
          <!---->
          </span>
        </div>
      </div>
    </mock-el-popover>
    <div class="tf-remove el-icon-circle-close"></div>
  </div>
  <div class="tf-outer" data-test-key="organism" filterkey="organism">
    <div class="tf-name">
      Organism:
    </div>
    <mock-el-popover trigger="click" placement="bottom" width="300" class="tf-value-container">
      <div slot-key="default">
        <mock-el-select filterable="true" value="cow">
          <mock-el-option label="organisms" value="organisms"></mock-el-option>
          <mock-el-option label="organisms" value="organisms"></mock-el-option>
        </mock-el-select>
      </div>
      <div slot-key="reference">
        <div class="tf-value"><span class="tf-value-span"><span>cow</span></span>
        </div>
      </div>
    </mock-el-popover>
    <div class="tf-remove el-icon-circle-close"></div>
  </div>
  <div class="tf-outer" data-test-key="organismPart" filterkey="organismPart">
    <div class="tf-name">
      Organism part:
    </div>
    <mock-el-popover trigger="click" placement="bottom" width="300" class="tf-value-container">
      <div slot-key="default">
        <mock-el-select filterable="true" value="stomach">
          <mock-el-option label="organismParts" value="organismParts"></mock-el-option>
          <mock-el-option label="organismParts" value="organismParts"></mock-el-option>
        </mock-el-select>
      </div>
      <div slot-key="reference">
        <div class="tf-value"><span class="tf-value-span"><span>stomach</span></span>
        </div>
      </div>
    </mock-el-popover>
    <div class="tf-remove el-icon-circle-close"></div>
  </div>
  <div class="tf-outer" data-test-key="condition" filterkey="condition">
    <div class="tf-name">
      Organism condition:
    </div>
    <mock-el-popover trigger="click" placement="bottom" width="300" class="tf-value-container">
      <div slot-key="default">
        <mock-el-select filterable="true" value="hungry">
          <mock-el-option label="conditions" value="conditions"></mock-el-option>
          <mock-el-option label="conditions" value="conditions"></mock-el-option>
        </mock-el-select>
      </div>
      <div slot-key="reference">
        <div class="tf-value"><span class="tf-value-span"><span>hungry</span></span>
        </div>
      </div>
    </mock-el-popover>
    <div class="tf-remove el-icon-circle-close"></div>
  </div>
  <div class="tf-outer" data-test-key="growthConditions" filterkey="growthConditions">
    <div class="tf-name">
      Sample growth conditions:
    </div>
    <mock-el-popover trigger="click" placement="bottom" width="300" class="tf-value-container">
      <div slot-key="default">
        <mock-el-select filterable="true" value="paddock">
          <mock-el-option label="growthConditions" value="growthConditions"></mock-el-option>
          <mock-el-option label="growthConditions" value="growthConditions"></mock-el-option>
        </mock-el-select>
      </div>
      <div slot-key="reference">
        <div class="tf-value"><span class="tf-value-span"><span>paddock</span></span>
        </div>
      </div>
    </mock-el-popover>
    <div class="tf-remove el-icon-circle-close"></div>
  </div>
  <div class="tf-outer" data-test-key="ionisationSource" filterkey="ionisationSource">
    <div class="tf-name">
      Source:
    </div>
    <mock-el-popover trigger="click" placement="bottom" width="300" class="tf-value-container">
      <div slot-key="default">
        <mock-el-select filterable="true" value="MALDI">
          <mock-el-option label="ionisationSources" value="ionisationSources"></mock-el-option>
          <mock-el-option label="ionisationSources" value="ionisationSources"></mock-el-option>
        </mock-el-select>
      </div>
      <div slot-key="reference">
        <div class="tf-value"><span class="tf-value-span"><span>MALDI</span></span>
        </div>
      </div>
    </mock-el-popover>
    <div class="tf-remove el-icon-circle-close"></div>
  </div>
  <div class="tf-outer" data-test-key="maldiMatrix" filterkey="maldiMatrix">
    <div class="tf-name">
      Matrix:
    </div>
    <mock-el-popover trigger="click" placement="bottom" width="300" class="tf-value-container">
      <div slot-key="default">
        <mock-el-select filterable="true" value="DHB">
          <mock-el-option label="maldiMatrices" value="maldiMatrices"></mock-el-option>
          <mock-el-option label="maldiMatrices" value="maldiMatrices"></mock-el-option>
        </mock-el-select>
      </div>
      <div slot-key="reference">
        <div class="tf-value"><span class="tf-value-span"><span>DHB</span></span>
        </div>
      </div>
    </mock-el-popover>
    <div class="tf-remove el-icon-circle-close"></div>
  </div>
  <div class="tf-outer" data-test-key="analyzerType" filterkey="analyzerType">
    <div class="tf-name">
      Analyzer type:
    </div>
    <mock-el-popover trigger="click" placement="bottom" width="300" class="tf-value-container">
      <div slot-key="default">
        <mock-el-select filterable="true" value="FTICR">
          <mock-el-option label="analyzerTypes" value="analyzerTypes"></mock-el-option>
          <mock-el-option label="analyzerTypes" value="analyzerTypes"></mock-el-option>
        </mock-el-select>
      </div>
      <div slot-key="reference">
        <div class="tf-value"><span class="tf-value-span"><span>FTICR</span></span>
        </div>
      </div>
    </mock-el-popover>
    <div class="tf-remove el-icon-circle-close"></div>
  </div>
  <div class="tf-outer" data-test-key="database" filterkey="database">
    <div class="tf-name">
      Database:
    </div>
    <mock-el-popover trigger="click" placement="bottom" width="300" class="tf-value-container">
      <div slot-key="default">
        <mock-el-select filterable="true" value="HMDBv4">
          <mock-el-option label="molecularDatabases.0.name" value="molecularDatabases.0.name"></mock-el-option>
          <mock-el-option label="molecularDatabases.1.name" value="molecularDatabases.1.name"></mock-el-option>
        </mock-el-select>
      </div>
      <div slot-key="reference">
        <div class="tf-value"><span class="tf-value-span"><span>HMDBv4</span></span>
        </div>
      </div>
    </mock-el-popover>
    <!---->
  </div>
  <div class="tf-outer" data-test-key="metadataType" filterkey="metadataType">
    <div class="tf-name">
      Data type:
    </div>
    <mock-el-popover trigger="click" placement="bottom" width="300" class="tf-value-container">
      <div slot-key="default">
        <mock-el-select filterable="true" value="ims">
          <mock-el-option label="Imaging MS" value="Imaging MS"></mock-el-option>
          <mock-el-option label="LC-MS" value="LC-MS"></mock-el-option>
        </mock-el-select>
      </div>
      <div slot-key="reference">
        <div class="tf-value"><span class="tf-value-span"><span>ims</span></span>
        </div>
      </div>
    </mock-el-popover>
    <!---->
  </div>
</div>
`;

exports[`FilterPanel should match snapshot (no filters) 1`] = `
<div class="filter-panel">
  <mock-el-select placeholder="Add filter" class="filter-select">
    <mock-el-option value="database" label="Select database"></mock-el-option>
    <mock-el-option value="fdrLevel" label="Select FDR level"></mock-el-option>
    <mock-el-option value="group" label="Select group"></mock-el-option>
    <mock-el-option value="project" label="Select project"></mock-el-option>
    <mock-el-option value="submitter" label="Select submitter"></mock-el-option>
    <mock-el-option value="datasetIds" label="Select dataset"></mock-el-option>
    <mock-el-option value="compoundName" label="Search molecule"></mock-el-option>
    <mock-el-option value="mz" label="Search by m/z"></mock-el-option>
    <mock-el-option value="polarity" label="Select polarity"></mock-el-option>
    <mock-el-option value="adduct" label="Select adduct"></mock-el-option>
    <mock-el-option value="organism" label="Select organism"></mock-el-option>
    <mock-el-option value="organismPart" label="Select organism part"></mock-el-option>
    <mock-el-option value="condition" label="Select organism condition"></mock-el-option>
    <mock-el-option value="growthConditions" label="Select sample growth conditions"></mock-el-option>
    <mock-el-option value="analyzerType" label="Select analyzer"></mock-el-option>
    <mock-el-option value="ionisationSource" label="Select ionisation source"></mock-el-option>
    <mock-el-option value="maldiMatrix" label="Select MALDI matrix"></mock-el-option>
    <mock-el-option value="minMSM" label="Set minimum MSM score"></mock-el-option>
    <mock-el-option value="simpleQuery" label="Search anything"></mock-el-option>
    <mock-el-option value="metadataType" label="Select data type"></mock-el-option>
  </mock-el-select>
</div>
`;
