// Jest Snapshot v1, https://goo.gl/fbAQLP

exports[`GroupsListItem should match snapshot logged as non-admin 1`] = `
<div class="group-item" id="group1"><a href="/group/group1" class="underlay"></a>
  <div class="item-body">
    <div class="info">
      <div class="info-line group-name"><a href="/group/group1" class="">
          group1
          <i>(g1)</i></a></div>
      <div class="info-line"><span><a href="/datasets?grp=group1" class="">1 Dataset</a>,
        </span>
        2 Members
      </div>
    </div>
    <div class="actions">
      <div><i class="el-icon-picture"></i> <a href="/datasets?grp=group1" class="" data-test-key="dataset-link">
          Browse datasets
        </a></div>
      <div><i class="el-icon-edit"></i> <a href="/group/group1?tab=settings" class="" data-test-key="manage-link">
          Manage group
        </a></div>
    </div>
  </div>
</div>
`;
