// Vitest Snapshot v1, https://vitest.dev/guide/snapshot.html

exports[`RelatedMolecules > should match snapshot 1`] = `
"<div data-v-bd75ece3=\\"\\" class=\\"related-molecules\\">
  <div data-v-bd75ece3=\\"\\">
    <div data-v-bd75ece3=\\"\\" class=\\"el-divider el-divider--horizontal\\" style=\\"--el-border-style: solid;\\" role=\\"separator\\">
      <div class=\\"el-divider__text is-center\\">
        <div data-v-bd75ece3=\\"\\" class=\\"ion-heading\\">
          <div data-v-bd75ece3=\\"\\" class=\\"ion-link\\">
            <div data-v-bd75ece3=\\"\\">
              <!--v-if--><span data-v-bd75ece3=\\"\\" class=\\"ion-formula\\">[C<sub class=\\"leading-none\\">10</sub>H<sub class=\\"leading-none\\">11</sub>NO + Na]⁺</span>
            </div>
            <div data-v-22a3ab3a=\\"\\" data-v-bd75ece3=\\"\\" class=\\"fdr-badge fdr-badge-10\\">10% FDR</div>
            <!--v-if-->
          </div>
          <!--v-if-->
        </div>
      </div>
    </div>
    <div data-v-57c423f9=\\"\\" data-v-bd75ece3=\\"\\" class=\\"compound-list\\">
      <div data-v-57c423f9=\\"\\" class=\\"compound\\">
        <div data-v-57c423f9=\\"\\" class=\\"mock-el-popover\\" placement=\\"left\\" trigger=\\"click\\">
          <div data-v-57c423f9=\\"\\" class=\\"compound-popover\\">
            <figure data-v-57c423f9=\\"\\" class=\\"flex flex-col items-center justify-center\\">
              <figcaption data-v-57c423f9=\\"\\">Tryptophanol <br data-v-57c423f9=\\"\\"><a data-v-57c423f9=\\"\\" href=\\"http://www.hmdb.ca/metabolites/HMDB0003447\\" target=\\"_blank\\"> View on HMDB-v4 website </a></figcaption><img data-v-57c423f9=\\"\\" src=\\"/mol-images/HMDB/HMDB0003447.svg\\" class=\\"compound-image\\">
            </figure>
          </div>
        </div><br data-v-57c423f9=\\"\\"><span data-v-57c423f9=\\"\\"><a data-v-57c423f9=\\"\\" href=\\"http://www.hmdb.ca/metabolites/HMDB0003447\\" target=\\"_blank\\">Tryptophanol</a></span>
      </div>
      <!--v-if-->
    </div>
  </div>
  <div data-v-bd75ece3=\\"\\">
    <div data-v-bd75ece3=\\"\\" class=\\"el-divider el-divider--horizontal\\" style=\\"--el-border-style: solid;\\" role=\\"separator\\">
      <div class=\\"el-divider__text is-center\\">
        <div data-v-bd75ece3=\\"\\" class=\\"ion-heading\\">
          <div data-v-bd75ece3=\\"\\" class=\\"ion-link\\">
            <div data-v-bd75ece3=\\"\\"><span data-v-bd75ece3=\\"\\">Isomer:</span><span data-v-bd75ece3=\\"\\" class=\\"ion-formula\\">[C<sub class=\\"leading-none\\">10</sub>H<sub class=\\"leading-none\\">13</sub>NO<sub class=\\"leading-none\\">2</sub> + Na - H<sub class=\\"leading-none\\">2</sub>O]⁺</span></div>
            <div data-v-22a3ab3a=\\"\\" data-v-bd75ece3=\\"\\" class=\\"fdr-badge fdr-badge-20\\">20% FDR</div>
            <!--v-if-->
          </div>
          <div data-v-bd75ece3=\\"\\" class=\\"mock-el-popover\\" trigger=\\"hover\\" placement=\\"top\\">
            <div data-v-bd75ece3=\\"\\" style=\\"max-width: 500px;\\">
              <p data-v-bd75ece3=\\"\\"> The False Discovery Rate (FDR) for each annotation is calculated among all ions that share the same adduct. </p>
              <p data-v-bd75ece3=\\"\\"> It is possible for isomeric annotations to show different FDRs due to having different adducts. In these cases, it is an indicator of certain adducts having a higher or lower probability of incorrectly labelling unknown molecules. </p>
              <p data-v-bd75ece3=\\"\\">The FDR should not be used to decide which isomeric molecule is more likely to be correct.</p>
            </div>
          </div>
        </div>
      </div>
    </div>
    <div data-v-57c423f9=\\"\\" data-v-bd75ece3=\\"\\" class=\\"compound-list\\">
      <div data-v-57c423f9=\\"\\" class=\\"compound\\">
        <div data-v-57c423f9=\\"\\" class=\\"mock-el-popover\\" placement=\\"left\\" trigger=\\"click\\">
          <div data-v-57c423f9=\\"\\" class=\\"compound-popover\\">
            <figure data-v-57c423f9=\\"\\" class=\\"flex flex-col items-center justify-center\\">
              <figcaption data-v-57c423f9=\\"\\">Maltoxazine <br data-v-57c423f9=\\"\\"><a data-v-57c423f9=\\"\\" href=\\"http://www.hmdb.ca/metabolites/HMDB0030372\\" target=\\"_blank\\"> View on HMDB-v4 website </a></figcaption><img data-v-57c423f9=\\"\\" src=\\"/mol-images/HMDB/HMDB0030372.svg\\" class=\\"compound-image\\">
            </figure>
          </div>
        </div><br data-v-57c423f9=\\"\\"><span data-v-57c423f9=\\"\\"><a data-v-57c423f9=\\"\\" href=\\"http://www.hmdb.ca/metabolites/HMDB0030372\\" target=\\"_blank\\">Maltoxazine</a></span>
      </div>
      <div data-v-57c423f9=\\"\\" class=\\"compound\\">
        <div data-v-57c423f9=\\"\\" class=\\"mock-el-popover\\" placement=\\"left\\" trigger=\\"click\\">
          <div data-v-57c423f9=\\"\\" class=\\"compound-popover\\">
            <figure data-v-57c423f9=\\"\\" class=\\"flex flex-col items-center justify-center\\">
              <figcaption data-v-57c423f9=\\"\\">Salsolinol <br data-v-57c423f9=\\"\\"><a data-v-57c423f9=\\"\\" href=\\"http://www.hmdb.ca/metabolites/HMDB0042012\\" target=\\"_blank\\"> View on HMDB-v4 website </a></figcaption><img data-v-57c423f9=\\"\\" src=\\"/mol-images/HMDB/HMDB0042012.svg\\" class=\\"compound-image\\">
            </figure>
          </div>
        </div><br data-v-57c423f9=\\"\\"><span data-v-57c423f9=\\"\\"><a data-v-57c423f9=\\"\\" href=\\"http://www.hmdb.ca/metabolites/HMDB0042012\\" target=\\"_blank\\">Salsolinol</a></span>
      </div>
      <!--v-if-->
    </div>
  </div>
  <!--v-if-->
</div>"
`;
