// Vitest Snapshot v1, https://vitest.dev/guide/snapshot.html

exports[`NewFeaturePopup > should match snapshot (in view) 1`] = `
"<div><span><span>Test anchor</span></span>
  <!--v-if-->
</div>"
`;

exports[`NewFeaturePopup > should match snapshot (not in view) 1`] = `
"<div><span><span>Test anchor</span></span>
  <!--v-if-->
</div>"
`;
