// Vitest Snapshot v1, https://vitest.dev/guide/snapshot.html

exports[`RequestedAccessDialog > it should match dataset processing snapshot 1`] = `"<div class=\\"mock-el-dialog requested-access-dialog\\" model-value=\\"true\\" append-to-body=\\"true\\" title=\\"TEST_GROUP Access Request\\" lockscroll=\\"false\\">Your dataset was sent to processing. Please contact<span class=\\"ml-1\\"><a href=\\"mailto:jdoe@mail.com\\">John Doe</a>,</span><span class=\\"ml-1\\"><a href=\\"mailto:jdoe2@mail.com\\">John Doe 2</a> or</span><span class=\\"ml-1\\"><a href=\\"mailto:jdoe3@mail.com\\">John Doe 3</a> </span>to approve your request within METASPACE, so you can visualize the group datasets!</div>"`;

exports[`RequestedAccessDialog > it should match snapshot 1`] = `"<div class=\\"mock-el-dialog requested-access-dialog\\" model-value=\\"true\\" append-to-body=\\"true\\" title=\\"TEST_GROUP Access Request\\" lockscroll=\\"false\\">Your request was sent. Please contact<span class=\\"ml-1\\"><a href=\\"mailto:jdoe@mail.com\\">John Doe</a>,</span><span class=\\"ml-1\\"><a href=\\"mailto:jdoe2@mail.com\\">John Doe 2</a> or</span><span class=\\"ml-1\\"><a href=\\"mailto:jdoe3@mail.com\\">John Doe 3</a> </span>to approve your request within METASPACE, so you can visualize the group datasets!</div>"`;
