// Jest Snapshot v1, https://goo.gl/fbAQLP

exports[`EditGroupProfile should match snapshot 1`] = `
<div>
  <div class="page">
    <div class="page-content">
      <div class="header-row">
        <h1>Group Details</h1>
        <div class="flex-spacer"></div>
        <div class="header-row-buttons">
          <!---->
          <button type="button" class="el-button el-button--primary">
            <!---->
            <!----><span>
            Save
          </span></button>
        </div>
      </div>
      <form class="el-form el-form--label-top">
        <div>
          <div class="el-form-item name is-required">
            <label for="name" class="el-form-item__label">Full name</label>
            <div class="el-form-item__content">
              <div class="el-input">
                <!---->
                <input type="text" autocomplete="off" maxlength="50" class="el-input__inner">
                <!---->
                <!---->
                <!---->
              </div>
              <!---->
            </div>
          </div>
          <div class="el-form-item shortName is-required">
            <label for="shortName" class="el-form-item__label"><span>
        Short name
        <mock-el-popover trigger="hover" placement="right"><div slot-key="default"> <p>The short name will be shown whenever space is limited.</p></div><div slot-key="reference"><i class="el-icon-question metadata-help-icon"></i></div></mock-el-popover></span></label>
            <div
              class="el-form-item__content">
              <div class="el-input">
                <!---->
                <input type="text" autocomplete="off" maxlength="20" class="el-input__inner">
                <!---->
                <!---->
                <!---->
              </div>
              <!---->
          </div>
        </div>
    </div>
    <!---->
    </form>
    <div>
      <h1>Members</h1>
      <div class="el-table el-table--fit el-table--scrollable-x el-table--enable-row-hover el-table--enable-row-transition" element-loading-text="Loading results from the server...">
        <div class="hidden-columns">
          <div></div>
          <div></div>
          <div></div>
          <div></div>
          <div></div>
        </div>
        <div class="el-table__header-wrapper">
          <table cellspacing="0" cellpadding="0" border="0" class="el-table__header" style="width: 850px;">
            <colgroup>
              <col name="el-table_1_column_1" width="200">
              <col name="el-table_1_column_2" width="200">
              <col name="el-table_1_column_3" width="160">
              <col name="el-table_1_column_4" width="90">
              <col name="el-table_1_column_5" width="200">
            </colgroup>
            <thead class="">
              <tr class="">
                <th colspan="1" rowspan="1" class="el-table_1_column_1     is-leaf">
                  <div class="cell">Name</div>
                </th>
                <th colspan="1" rowspan="1" class="el-table_1_column_2     is-leaf">
                  <div class="cell">Email</div>
                </th>
                <th colspan="1" rowspan="1" class="el-table_1_column_3     is-leaf">
                  <div class="cell">Role</div>
                </th>
                <th colspan="1" rowspan="1" class="el-table_1_column_4  is-center   is-leaf">
                  <div class="cell">Datasets</div>
                </th>
                <th colspan="1" rowspan="1" class="el-table_1_column_5     is-leaf">
                  <div class="cell"></div>
                </th>
              </tr>
            </thead>
          </table>
        </div>
        <div class="el-table__body-wrapper is-scrolling-left">
          <table cellspacing="0" cellpadding="0" border="0" class="el-table__body" style="width: 850px;">
            <colgroup>
              <col name="el-table_1_column_1" width="200">
              <col name="el-table_1_column_2" width="200">
              <col name="el-table_1_column_3" width="160">
              <col name="el-table_1_column_4" width="90">
              <col name="el-table_1_column_5" width="200">
            </colgroup>
            <tbody>
              <tr class="el-table__row">
                <td rowspan="1" colspan="1" class="el-table_1_column_1  ">
                  <div class="cell">
                    me
                  </div>
                </td>
                <td rowspan="1" colspan="1" class="el-table_1_column_2  ">
                  <div class="cell">
                    my-email@example.com
                  </div>
                </td>
                <td rowspan="1" colspan="1" class="el-table_1_column_3  ">
                  <div class="cell">
                    Principal investigator
                  </div>
                </td>
                <td rowspan="1" colspan="1" class="el-table_1_column_4 is-center ">
                  <div class="cell">
                    <a href="#/datasets?grp=%7B%22id%22%3A%222%22,%22name%22%3A%22European%20Molecular%20Biology%20Laboratory%22%7D&amp;subm=%7B%22id%22%3A%223%22,%22name%22%3A%22me%22%7D" class="">123</a>
                  </div>
                </td>
                <td rowspan="1" colspan="1" class="el-table_1_column_5  ">
                  <div class="cell">
                    <!---->
                    <!---->
                    <!---->
                    <!---->
                  </div>
                </td>
              </tr>
              <tr class="el-table__row">
                <td rowspan="1" colspan="1" class="el-table_1_column_1  ">
                  <div class="cell">
                    Person who asked to join
                  </div>
                </td>
                <td rowspan="1" colspan="1" class="el-table_1_column_2  ">
                  <div class="cell">
                    access@requestor.com
                  </div>
                </td>
                <td rowspan="1" colspan="1" class="el-table_1_column_3  ">
                  <div class="cell">
                    Requesting access
                  </div>
                </td>
                <td rowspan="1" colspan="1" class="el-table_1_column_4 is-center ">
                  <div class="cell">
                    <a href="#/datasets?grp=%7B%22id%22%3A%222%22,%22name%22%3A%22European%20Molecular%20Biology%20Laboratory%22%7D&amp;subm=%7B%22id%22%3A%224%22,%22name%22%3A%22Person%20who%20asked%20to%20join%22%7D" class="">0</a>
                  </div>
                </td>
                <td rowspan="1" colspan="1" class="el-table_1_column_5  ">
                  <div class="cell">
                    <!---->
                    <!---->
                    <button type="button" class="el-button grid-button el-button--success el-button--mini">
                      <!---->
                      <!----><span>
          Accept
        </span></button>
                    <button type="button" class="el-button grid-button el-button--default el-button--mini">
                      <!---->
                      <!----><span>
          Decline
        </span></button>
                  </div>
                </td>
              </tr>
              <tr class="el-table__row">
                <td rowspan="1" colspan="1" class="el-table_1_column_1  ">
                  <div class="cell">
                    Invitee
                  </div>
                </td>
                <td rowspan="1" colspan="1" class="el-table_1_column_2  ">
                  <div class="cell">
                    awaiting@response.com
                  </div>
                </td>
                <td rowspan="1" colspan="1" class="el-table_1_column_3  ">
                  <div class="cell">
                    Invited
                  </div>
                </td>
                <td rowspan="1" colspan="1" class="el-table_1_column_4 is-center ">
                  <div class="cell">
                    <a href="#/datasets?grp=%7B%22id%22%3A%222%22,%22name%22%3A%22European%20Molecular%20Biology%20Laboratory%22%7D&amp;subm=%7B%22id%22%3A%225%22,%22name%22%3A%22Invitee%22%7D" class="">0</a>
                  </div>
                </td>
                <td rowspan="1" colspan="1" class="el-table_1_column_5  ">
                  <div class="cell">
                    <!---->
                    <button type="button" class="el-button grid-button el-button--default el-button--mini">
                      <!---->
                      <!----><span>
          Cancel
        </span></button>
                    <!---->
                    <!---->
                  </div>
                </td>
              </tr>
              <tr class="el-table__row">
                <td rowspan="1" colspan="1" class="el-table_1_column_1  ">
                  <div class="cell">
                    Group member
                  </div>
                </td>
                <td rowspan="1" colspan="1" class="el-table_1_column_2  ">
                  <div class="cell">
                    person@embl.de
                  </div>
                </td>
                <td rowspan="1" colspan="1" class="el-table_1_column_3  ">
                  <div class="cell">
                    Member
                  </div>
                </td>
                <td rowspan="1" colspan="1" class="el-table_1_column_4 is-center ">
                  <div class="cell">
                    <a href="#/datasets?grp=%7B%22id%22%3A%222%22,%22name%22%3A%22European%20Molecular%20Biology%20Laboratory%22%7D&amp;subm=%7B%22id%22%3A%226%22,%22name%22%3A%22Group%20member%22%7D" class="">1</a>
                  </div>
                </td>
                <td rowspan="1" colspan="1" class="el-table_1_column_5  ">
                  <div class="cell">
                    <button type="button" class="el-button grid-button el-button--default el-button--mini">
                      <!---->
                      <!----><span>
          Remove
        </span></button>
                    <!---->
                    <!---->
                    <!---->
                  </div>
                </td>
              </tr>
              <!---->
            </tbody>
          </table>
          <!---->
          <!---->
        </div>
        <!---->
        <!---->
        <!---->
        <!---->
        <div class="el-table__column-resize-proxy" style="display: none;"></div>
      </div>
      <div class="pagination-row">
        <!---->
        <div class="flex-spacer"></div>
        <button type="button" class="el-button el-button--default">
          <!---->
          <!----><span>Add member</span></button>
      </div>
    </div>
    <div>
      <h1>Datasets</h1>
      <a href="#/datasets?grp=%7B%22name%22%3A%22European%20Molecular%20Biology%20Laboratory%22%7D" class="">See all datasets</a>
    </div>
  </div>
</div>
</div>
`;
